  Determining projects to restore...
C:\Users\stive\Projects\Thesis\Lex-web\tests\Lex.IntegrationTests\Lex.IntegrationTests.csproj : warning NU1903: Package 'Azure.Identity' 1.3.0 has a known high severity vulnerability, https://github.com/advisories/GHSA-5mfx-4wcx-rv27 [C:\Users\stive\Projects\Thesis\Lex-web\Lex.slnx]
C:\Users\stive\Projects\Thesis\Lex-web\tests\Lex.IntegrationTests\Lex.IntegrationTests.csproj : warning NU1902: Package 'Azure.Identity' 1.3.0 has a known moderate severity vulnerability, https://github.com/advisories/GHSA-m5vv-6r4h-3vj9 [C:\Users\stive\Projects\Thesis\Lex-web\Lex.slnx]
C:\Users\stive\Projects\Thesis\Lex-web\tests\Lex.IntegrationTests\Lex.IntegrationTests.csproj : warning NU1902: Package 'Azure.Identity' 1.3.0 has a known moderate severity vulnerability, https://github.com/advisories/GHSA-wvxc-855f-jvrv [C:\Users\stive\Projects\Thesis\Lex-web\Lex.slnx]
C:\Users\stive\Projects\Thesis\Lex-web\tests\Lex.IntegrationTests\Lex.IntegrationTests.csproj : warning NU1904: Package 'System.Drawing.Common' 5.0.0 has a known critical severity vulnerability, https://github.com/advisories/GHSA-rxg9-xrhp-64gj [C:\Users\stive\Projects\Thesis\Lex-web\Lex.slnx]
  All projects are up-to-date for restore.
C:\Users\stive\Projects\Thesis\Lex-web\tests\Lex.IntegrationTests\Lex.IntegrationTests.csproj : warning NU1903: Package 'Azure.Identity' 1.3.0 has a known high severity vulnerability, https://github.com/advisories/GHSA-5mfx-4wcx-rv27
C:\Users\stive\Projects\Thesis\Lex-web\tests\Lex.IntegrationTests\Lex.IntegrationTests.csproj : warning NU1902: Package 'Azure.Identity' 1.3.0 has a known moderate severity vulnerability, https://github.com/advisories/GHSA-m5vv-6r4h-3vj9
C:\Users\stive\Projects\Thesis\Lex-web\tests\Lex.IntegrationTests\Lex.IntegrationTests.csproj : warning NU1902: Package 'Azure.Identity' 1.3.0 has a known moderate severity vulnerability, https://github.com/advisories/GHSA-wvxc-855f-jvrv
C:\Users\stive\Projects\Thesis\Lex-web\tests\Lex.IntegrationTests\Lex.IntegrationTests.csproj : warning NU1904: Package 'System.Drawing.Common' 5.0.0 has a known critical severity vulnerability, https://github.com/advisories/GHSA-rxg9-xrhp-64gj
  Lex.SharedKernel -> C:\Users\stive\Projects\Thesis\Lex-web\src\Core\Lex.SharedKernel\bin\Release\net10.0\Lex.SharedKernel.dll
  Lex.Module.Notifications.Core -> C:\Users\stive\Projects\Thesis\Lex-web\src\Modules\Lex.Module.Notifications\Lex.Module.Notifications.Core\bin\Release\net10.0\Lex.Module.Notifications.Core.dll
  Lex.Module.ObjectStorage.Core -> C:\Users\stive\Projects\Thesis\Lex-web\src\Modules\Lex.Module.ObjectStorage\Lex.Module.ObjectStorage.Core\bin\Release\net10.0\Lex.Module.ObjectStorage.Core.dll
  Lex.ArchitectureTests -> C:\Users\stive\Projects\Thesis\Lex-web\tests\Lex.ArchitectureTests\bin\Release\net10.0\Lex.ArchitectureTests.dll
  Lex.Module.Scheduling.Core -> C:\Users\stive\Projects\Thesis\Lex-web\src\Modules\Lex.Module.Scheduling\Lex.Module.Scheduling.Core\bin\Release\net10.0\Lex.Module.Scheduling.Core.dll
  Lex.Module.ImportExport.Core -> C:\Users\stive\Projects\Thesis\Lex-web\src\Modules\Lex.Module.ImportExport\Lex.Module.ImportExport.Core\bin\Release\net10.0\Lex.Module.ImportExport.Core.dll
C:\Users\stive\Projects\Thesis\Lex-web\src\Modules\Lex.Module.AssessmentCreation\Lex.Module.AssessmentCreation.Core\Features\CreateSnapshot\CreateSnapshotHandler.cs(4,37): error CS0234: The type or namespace name 'Persistence' does not exist in the namespace 'Lex.Module.AssessmentCreation' (are you missing an assembly reference?) [C:\Users\stive\Projects\Thesis\Lex-web\src\Modules\Lex.Module.AssessmentCreation\Lex.Module.AssessmentCreation.Core\Lex.Module.AssessmentCreation.Core.csproj]
C:\Users\stive\Projects\Thesis\Lex-web\src\Modules\Lex.Module.AssessmentCreation\Lex.Module.AssessmentCreation.Core\Features\CreateSnapshot\CreateSnapshotHandler.cs(10,45): error CS0246: The type or namespace name 'AssessmentCreationDbContext' could not be found (are you missing a using directive or an assembly reference?) [C:\Users\stive\Projects\Thesis\Lex-web\src\Modules\Lex.Module.AssessmentCreation\Lex.Module.AssessmentCreation.Core\Lex.Module.AssessmentCreation.Core.csproj]
  Lex.Module.GoogleIntegration.Core -> C:\Users\stive\Projects\Thesis\Lex-web\src\Modules\Lex.Module.GoogleIntegration\Lex.Module.GoogleIntegration.Core\bin\Release\net10.0\Lex.Module.GoogleIntegration.Core.dll
  Lex.Module.LessonManagement.Core -> C:\Users\stive\Projects\Thesis\Lex-web\src\Modules\Lex.Module.LessonManagement\Lex.Module.LessonManagement.Core\bin\Release\net10.0\Lex.Module.LessonManagement.Core.dll
  Lex.Module.Reporting.Core -> C:\Users\stive\Projects\Thesis\Lex-web\src\Modules\Lex.Module.Reporting\Lex.Module.Reporting.Core\bin\Release\net10.0\Lex.Module.Reporting.Core.dll
C:\Users\stive\Projects\Thesis\Lex-web\src\Core\Lex.Infrastructure\InfrastructureServiceRegistration.cs(124,14): error CS0411: The type arguments for method 'NpgsqlServiceCollectionExtensions.AddNpgsql<TContext>(IServiceCollection, string?, Action<NpgsqlDbContextOptionsBuilder>?, Action<DbContextOptionsBuilder>?)' cannot be inferred from the usage. Try specifying the type arguments explicitly. [C:\Users\stive\Projects\Thesis\Lex-web\src\Core\Lex.Infrastructure\Lex.Infrastructure.csproj]
C:\Users\stive\Projects\Thesis\Lex-web\src\Modules\Lex.Module.DiaryManagement\Lex.Module.DiaryManagement.Core\Features\CreateDiaryEntry\CreateDiaryEntryHandler.cs(4,34): error CS0234: The type or namespace name 'Persistence' does not exist in the namespace 'Lex.Module.DiaryManagement' (are you missing an assembly reference?) [C:\Users\stive\Projects\Thesis\Lex-web\src\Modules\Lex.Module.DiaryManagement\Lex.Module.DiaryManagement.Core\Lex.Module.DiaryManagement.Core.csproj]
C:\Users\stive\Projects\Thesis\Lex-web\src\Modules\Lex.Module.DiaryManagement\Lex.Module.DiaryManagement.Core\Features\CreateDiaryEntry\CreateDiaryEntryHandler.cs(10,47): error CS0246: The type or namespace name 'DiaryDbContext' could not be found (are you missing a using directive or an assembly reference?) [C:\Users\stive\Projects\Thesis\Lex-web\src\Modules\Lex.Module.DiaryManagement\Lex.Module.DiaryManagement.Core\Lex.Module.DiaryManagement.Core.csproj]
C:\Users\stive\Projects\Thesis\Lex-web\src\Modules\Lex.Module.AssessmentDelivery\Lex.Module.AssessmentDelivery.Core\Features\StartSession\StartSessionHandler.cs(4,37): error CS0234: The type or namespace name 'Persistence' does not exist in the namespace 'Lex.Module.AssessmentDelivery' (are you missing an assembly reference?) [C:\Users\stive\Projects\Thesis\Lex-web\src\Modules\Lex.Module.AssessmentDelivery\Lex.Module.AssessmentDelivery.Core\Lex.Module.AssessmentDelivery.Core.csproj]
C:\Users\stive\Projects\Thesis\Lex-web\src\Modules\Lex.Module.AssessmentDelivery\Lex.Module.AssessmentDelivery.Core\Features\StartSession\StartSessionHandler.cs(10,43): error CS0246: The type or namespace name 'AssessmentDeliveryDbContext' could not be found (are you missing a using directive or an assembly reference?) [C:\Users\stive\Projects\Thesis\Lex-web\src\Modules\Lex.Module.AssessmentDelivery\Lex.Module.AssessmentDelivery.Core\Lex.Module.AssessmentDelivery.Core.csproj]
  Lex.Module.FileProcessing.Core -> C:\Users\stive\Projects\Thesis\Lex-web\src\Modules\Lex.Module.FileProcessing\Lex.Module.FileProcessing.Core\bin\Release\net10.0\Lex.Module.FileProcessing.Core.dll

Build FAILED.

C:\Users\stive\Projects\Thesis\Lex-web\tests\Lex.IntegrationTests\Lex.IntegrationTests.csproj : warning NU1903: Package 'Azure.Identity' 1.3.0 has a known high severity vulnerability, https://github.com/advisories/GHSA-5mfx-4wcx-rv27 [C:\Users\stive\Projects\Thesis\Lex-web\Lex.slnx]
C:\Users\stive\Projects\Thesis\Lex-web\tests\Lex.IntegrationTests\Lex.IntegrationTests.csproj : warning NU1902: Package 'Azure.Identity' 1.3.0 has a known moderate severity vulnerability, https://github.com/advisories/GHSA-m5vv-6r4h-3vj9 [C:\Users\stive\Projects\Thesis\Lex-web\Lex.slnx]
C:\Users\stive\Projects\Thesis\Lex-web\tests\Lex.IntegrationTests\Lex.IntegrationTests.csproj : warning NU1902: Package 'Azure.Identity' 1.3.0 has a known moderate severity vulnerability, https://github.com/advisories/GHSA-wvxc-855f-jvrv [C:\Users\stive\Projects\Thesis\Lex-web\Lex.slnx]
C:\Users\stive\Projects\Thesis\Lex-web\tests\Lex.IntegrationTests\Lex.IntegrationTests.csproj : warning NU1904: Package 'System.Drawing.Common' 5.0.0 has a known critical severity vulnerability, https://github.com/advisories/GHSA-rxg9-xrhp-64gj [C:\Users\stive\Projects\Thesis\Lex-web\Lex.slnx]
C:\Users\stive\Projects\Thesis\Lex-web\tests\Lex.IntegrationTests\Lex.IntegrationTests.csproj : warning NU1903: Package 'Azure.Identity' 1.3.0 has a known high severity vulnerability, https://github.com/advisories/GHSA-5mfx-4wcx-rv27
C:\Users\stive\Projects\Thesis\Lex-web\tests\Lex.IntegrationTests\Lex.IntegrationTests.csproj : warning NU1902: Package 'Azure.Identity' 1.3.0 has a known moderate severity vulnerability, https://github.com/advisories/GHSA-m5vv-6r4h-3vj9
C:\Users\stive\Projects\Thesis\Lex-web\tests\Lex.IntegrationTests\Lex.IntegrationTests.csproj : warning NU1902: Package 'Azure.Identity' 1.3.0 has a known moderate severity vulnerability, https://github.com/advisories/GHSA-wvxc-855f-jvrv
C:\Users\stive\Projects\Thesis\Lex-web\tests\Lex.IntegrationTests\Lex.IntegrationTests.csproj : warning NU1904: Package 'System.Drawing.Common' 5.0.0 has a known critical severity vulnerability, https://github.com/advisories/GHSA-rxg9-xrhp-64gj
C:\Users\stive\Projects\Thesis\Lex-web\src\Modules\Lex.Module.AssessmentCreation\Lex.Module.AssessmentCreation.Core\Features\CreateSnapshot\CreateSnapshotHandler.cs(4,37): error CS0234: The type or namespace name 'Persistence' does not exist in the namespace 'Lex.Module.AssessmentCreation' (are you missing an assembly reference?) [C:\Users\stive\Projects\Thesis\Lex-web\src\Modules\Lex.Module.AssessmentCreation\Lex.Module.AssessmentCreation.Core\Lex.Module.AssessmentCreation.Core.csproj]
C:\Users\stive\Projects\Thesis\Lex-web\src\Modules\Lex.Module.AssessmentCreation\Lex.Module.AssessmentCreation.Core\Features\CreateSnapshot\CreateSnapshotHandler.cs(10,45): error CS0246: The type or namespace name 'AssessmentCreationDbContext' could not be found (are you missing a using directive or an assembly reference?) [C:\Users\stive\Projects\Thesis\Lex-web\src\Modules\Lex.Module.AssessmentCreation\Lex.Module.AssessmentCreation.Core\Lex.Module.AssessmentCreation.Core.csproj]
C:\Users\stive\Projects\Thesis\Lex-web\src\Core\Lex.Infrastructure\InfrastructureServiceRegistration.cs(124,14): error CS0411: The type arguments for method 'NpgsqlServiceCollectionExtensions.AddNpgsql<TContext>(IServiceCollection, string?, Action<NpgsqlDbContextOptionsBuilder>?, Action<DbContextOptionsBuilder>?)' cannot be inferred from the usage. Try specifying the type arguments explicitly. [C:\Users\stive\Projects\Thesis\Lex-web\src\Core\Lex.Infrastructure\Lex.Infrastructure.csproj]
C:\Users\stive\Projects\Thesis\Lex-web\src\Modules\Lex.Module.DiaryManagement\Lex.Module.DiaryManagement.Core\Features\CreateDiaryEntry\CreateDiaryEntryHandler.cs(4,34): error CS0234: The type or namespace name 'Persistence' does not exist in the namespace 'Lex.Module.DiaryManagement' (are you missing an assembly reference?) [C:\Users\stive\Projects\Thesis\Lex-web\src\Modules\Lex.Module.DiaryManagement\Lex.Module.DiaryManagement.Core\Lex.Module.DiaryManagement.Core.csproj]
C:\Users\stive\Projects\Thesis\Lex-web\src\Modules\Lex.Module.DiaryManagement\Lex.Module.DiaryManagement.Core\Features\CreateDiaryEntry\CreateDiaryEntryHandler.cs(10,47): error CS0246: The type or namespace name 'DiaryDbContext' could not be found (are you missing a using directive or an assembly reference?) [C:\Users\stive\Projects\Thesis\Lex-web\src\Modules\Lex.Module.DiaryManagement\Lex.Module.DiaryManagement.Core\Lex.Module.DiaryManagement.Core.csproj]
C:\Users\stive\Projects\Thesis\Lex-web\src\Modules\Lex.Module.AssessmentDelivery\Lex.Module.AssessmentDelivery.Core\Features\StartSession\StartSessionHandler.cs(4,37): error CS0234: The type or namespace name 'Persistence' does not exist in the namespace 'Lex.Module.AssessmentDelivery' (are you missing an assembly reference?) [C:\Users\stive\Projects\Thesis\Lex-web\src\Modules\Lex.Module.AssessmentDelivery\Lex.Module.AssessmentDelivery.Core\Lex.Module.AssessmentDelivery.Core.csproj]
C:\Users\stive\Projects\Thesis\Lex-web\src\Modules\Lex.Module.AssessmentDelivery\Lex.Module.AssessmentDelivery.Core\Features\StartSession\StartSessionHandler.cs(10,43): error CS0246: The type or namespace name 'AssessmentDeliveryDbContext' could not be found (are you missing a using directive or an assembly reference?) [C:\Users\stive\Projects\Thesis\Lex-web\src\Modules\Lex.Module.AssessmentDelivery\Lex.Module.AssessmentDelivery.Core\Lex.Module.AssessmentDelivery.Core.csproj]
    8 Warning(s)
    7 Error(s)

Time Elapsed 00:00:08.67
